
> @dtc/backend@0.0.1 lint D:\ociuz projects\my-medusa-store\apps\backend
> medusa lint

ts-node cannot be loaded and used, if you are running in production don't forget to set your NODE_ENV to production
TypeError: The "path" argument must be of type string. Received undefined
    at Object.isAbsolute (node:path:434:5)
    at configLoader (D:\ociuz projects\my-medusa-store\node_modules\.pnpm\tsconfig-paths@3.15.0\node_modules\tsconfig-paths\src\config-loader.ts:52:34)
    at Object.register (D:\ociuz projects\my-medusa-store\node_modules\.pnpm\tsconfig-paths@3.15.0\node_modules\tsconfig-paths\src\register.ts:53:42)
    at Object.<anonymous> (D:\ociuz projects\my-medusa-store\node_modules\.pnpm\@medusajs+cli@2.18.0_@types+node@20.19.26\node_modules\@medusajs\cli\cli.js:5:29)
    at Module._compile (node:internal/modules/cjs/loader:1562:14)
    at Object.<anonymous> (node:internal/modules/cjs/loader:1699:10)
    at Module.load (node:internal/modules/cjs/loader:1313:32)
    at Function._load (node:internal/modules/cjs/loader:1123:12)
    at TracingChannel.traceSync (node:diagnostics_channel:322:14)
    at wrapModuleLoad (node:internal/modules/cjs/loader:217:24) {
  code: 'ERR_INVALID_ARG_TYPE'
}
[32minfo[39m:    Linting project...

D:\ociuz projects\my-medusa-store\apps\backend\src\api\store\debug-referrals\route.ts
  7:35  warning  Use `ContainerRegistrationKeys.QUERY` instead of the magic string `query`  @medusajs/prefer-container-registration-keys

D:\ociuz projects\my-medusa-store\apps\backend\src\subscribers\electrician-approved.ts
  6:35  warning  Use `ContainerRegistrationKeys.QUERY` instead of the magic string `query`  @medusajs/prefer-container-registration-keys

D:\ociuz projects\my-medusa-store\apps\backend\src\subscribers\order-placed.ts
  6:35  warning  Use `ContainerRegistrationKeys.QUERY` instead of the magic string `query`                     @medusajs/prefer-container-registration-keys
  7:40  warning  `"remoteLink"` is deprecated. Resolve `"link"` (or `ContainerRegistrationKeys.LINK`) instead  @medusajs/prefer-link-over-remote-link

D:\ociuz projects\my-medusa-store\apps\backend\src\workflows\apply-referral-code.ts
  11:3   warning  Step id `apply-referral-group-step` should match the enclosing variable name or filename (expected `apply-referral-group`)                        @medusajs/step-id-kebab-case
  13:37  warning  Use `ContainerRegistrationKeys.QUERY` instead of the magic string `query`                                                                         @medusajs/prefer-container-registration-keys
  24:13  warning  Throw `MedusaError` instead of a generic `Error`. Use `new MedusaError(MedusaError.Types.X, "...")` so the error maps to the correct HTTP status  @medusajs/use-medusa-error-not-generic-error
  53:13  warning  Throw `MedusaError` instead of a generic `Error`. Use `new MedusaError(MedusaError.Types.X, "...")` so the error maps to the correct HTTP status  @medusajs/use-medusa-error-not-generic-error

D:\ociuz projects\my-medusa-store\apps\backend\src\workflows\create-electrician-referral.ts
   7:3   warning  Step id `generate-referral-code-step` should match the enclosing variable name or filename (expected `generate-referral-code`)  @medusajs/step-id-kebab-case
  10:42  warning  `"remoteLink"` is deprecated. Resolve `"link"` (or `ContainerRegistrationKeys.LINK`) instead                                    @medusajs/prefer-link-over-remote-link
  36:42  warning  `"remoteLink"` is deprecated. Resolve `"link"` (or `ContainerRegistrationKeys.LINK`) instead                                    @medusajs/prefer-link-over-remote-link

✖ 11 problems (0 errors, 11 warnings)
  0 errors and 9 warnings potentially fixable with the `--fix` option.
[33mwarn[39m:    Lint produced 11 warning(s).
